---
apiVersion: v1
kind: Service
metadata:
  name: web-app-service
spec:
  type: ClusterIP
  selector:
    app: web-app
  ports:
  - port: 80
    targetPort: 80
    protocol: TCP
    name: http
---
apiVersion: networking.k8s.io/v1
kind: Ingress
metadata:
  name: web-app-ingress
  annotations:
    nginx.ingress.kubernetes.io/rewrite-target: /
spec:
  ingressClassName: nginx
  rules:
  - host: web-app.example.com
    http:
      paths:
      - path: /
        pathType: Prefix
        backend:
          service:
            name: web-app-service
            port:
              number: 80
  tls:
  - hosts:
    - web-app.example.com
    secretName: web-app-tls